fromList [ ("@f", fromList [(DirectEscape, "%s")]) ]
