fromList [ ("@g", fromList ["%p"] )
         , ("@f", fromList ["%q"] )
         ]
