fromList [ ("@fldEsc", fromList ["%s.<0>"])
         , ("@f", fromList ["%p"])
         ]
