fromList [ ("@g", fromList [(DirectEscape, "%i")]) ]
