fromList [ ("@f", fromList [("%out", PAInOut)]) ]
