fromList [ ("@BZ2_hbAssignCodes", fromList ["%code", "%length"]) ]