fromList [ ("@f", fromList ["%a", "%b"])
         , ("@neitherNullable", fromList ["%a", "%b"])
         ]