fromList [ ("@f", fromList [ "%arr1", "%arr2" ]) ]
