fromList [ (("@f", "%arr1"), 1)
         , (("@f", "%arr2"), 2)
         ]
