fromList [ ("target", (fromList [ "reportError" ], ReturnConstantInt (fromList [-22, -10])))
         ]